nioEventLoopGroup-2-1 DEBUG test.ClientHandler - header {
  proto: "Resp_Login_LoginIn"
}
error {
}
payload: "\b\001"

